[0.007s] Invoking command in '/home/tomori/Vision_Arena/build/player_pkg': CMAKE_PREFIX_PATH=${CMAKE_PREFIX_PATH}:/opt/ros/humble /usr/bin/cmake --build /home/tomori/Vision_Arena/build/player_pkg -- -j24 -l24
[0.055s] [35m[1mConsolidate compiler generated dependencies of target TestNode[0m
[0.077s] [ 50%] [32mBuilding CXX object CMakeFiles/TestNode.dir/src/test.cpp.o[0m
[4.767s] [100%] [32m[1mLinking CXX executable TestNode[0m
[5.178s] [100%] Built target TestNode
[5.189s] Invoked command in '/home/tomori/Vision_Arena/build/player_pkg' returned '0': CMAKE_PREFIX_PATH=${CMAKE_PREFIX_PATH}:/opt/ros/humble /usr/bin/cmake --build /home/tomori/Vision_Arena/build/player_pkg -- -j24 -l24
[5.205s] Invoking command in '/home/tomori/Vision_Arena/build/player_pkg': CMAKE_PREFIX_PATH=${CMAKE_PREFIX_PATH}:/opt/ros/humble /usr/bin/cmake --install /home/tomori/Vision_Arena/build/player_pkg
[5.215s] -- Install configuration: ""
[5.216s] -- Installing: /home/tomori/Vision_Arena/install/player_pkg/lib/player_pkg/TestNode
[5.220s] -- Set runtime path of "/home/tomori/Vision_Arena/install/player_pkg/lib/player_pkg/TestNode" to ""
[5.220s] -- Up-to-date: /home/tomori/Vision_Arena/install/player_pkg/share/ament_index/resource_index/package_run_dependencies/player_pkg
[5.221s] -- Up-to-date: /home/tomori/Vision_Arena/install/player_pkg/share/ament_index/resource_index/parent_prefix_path/player_pkg
[5.221s] -- Up-to-date: /home/tomori/Vision_Arena/install/player_pkg/share/player_pkg/environment/ament_prefix_path.sh
[5.221s] -- Up-to-date: /home/tomori/Vision_Arena/install/player_pkg/share/player_pkg/environment/ament_prefix_path.dsv
[5.221s] -- Up-to-date: /home/tomori/Vision_Arena/install/player_pkg/share/player_pkg/environment/path.sh
[5.221s] -- Up-to-date: /home/tomori/Vision_Arena/install/player_pkg/share/player_pkg/environment/path.dsv
[5.221s] -- Up-to-date: /home/tomori/Vision_Arena/install/player_pkg/share/player_pkg/local_setup.bash
[5.221s] -- Up-to-date: /home/tomori/Vision_Arena/install/player_pkg/share/player_pkg/local_setup.sh
[5.221s] -- Up-to-date: /home/tomori/Vision_Arena/install/player_pkg/share/player_pkg/local_setup.zsh
[5.221s] -- Up-to-date: /home/tomori/Vision_Arena/install/player_pkg/share/player_pkg/local_setup.dsv
[5.221s] -- Installing: /home/tomori/Vision_Arena/install/player_pkg/share/player_pkg/package.dsv
[5.221s] -- Up-to-date: /home/tomori/Vision_Arena/install/player_pkg/share/ament_index/resource_index/packages/player_pkg
[5.221s] -- Up-to-date: /home/tomori/Vision_Arena/install/player_pkg/share/player_pkg/cmake/player_pkgConfig.cmake
[5.221s] -- Up-to-date: /home/tomori/Vision_Arena/install/player_pkg/share/player_pkg/cmake/player_pkgConfig-version.cmake
[5.222s] -- Up-to-date: /home/tomori/Vision_Arena/install/player_pkg/share/player_pkg/package.xml
[5.223s] Invoked command in '/home/tomori/Vision_Arena/build/player_pkg' returned '0': CMAKE_PREFIX_PATH=${CMAKE_PREFIX_PATH}:/opt/ros/humble /usr/bin/cmake --install /home/tomori/Vision_Arena/build/player_pkg
