[0.007s] Invoking command in '/home/tomori/Vision_Arena/build/player_pkg': CMAKE_PREFIX_PATH=${CMAKE_PREFIX_PATH}:/opt/ros/humble /usr/bin/cmake /home/tomori/Vision_Arena/src/player_pkg -DCMAKE_INSTALL_PREFIX=/home/tomori/Vision_Arena/install/player_pkg
[0.080s] -- The C compiler identification is GNU 11.4.0
[0.153s] -- The CXX compiler identification is GNU 11.4.0
[0.161s] -- Detecting C compiler ABI info
[0.257s] -- Detecting C compiler ABI info - done
[0.266s] -- Check for working C compiler: /usr/bin/cc - skipped
[0.267s] -- Detecting C compile features
[0.267s] -- Detecting C compile features - done
[0.271s] -- Detecting CXX compiler ABI info
[0.372s] -- Detecting CXX compiler ABI info - done
[0.381s] -- Check for working CXX compiler: /usr/bin/c++ - skipped
[0.381s] -- Detecting CXX compile features
[0.382s] -- Detecting CXX compile features - done
[0.385s] -- Found ament_cmake: 1.3.12 (/opt/ros/humble/share/ament_cmake/cmake)
[0.586s] -- Found Python3: /usr/bin/python3 (found version "3.10.12") found components: Interpreter 
[0.690s] -- Found rclcpp: 16.0.16 (/opt/ros/humble/share/rclcpp/cmake)
[0.752s] -- Found rosidl_generator_c: 3.1.7 (/opt/ros/humble/share/rosidl_generator_c/cmake)
[0.758s] -- Found rosidl_adapter: 3.1.7 (/opt/ros/humble/share/rosidl_adapter/cmake)
[0.767s] -- Found rosidl_generator_cpp: 3.1.7 (/opt/ros/humble/share/rosidl_generator_cpp/cmake)
[0.780s] -- Using all available rosidl_typesupport_c: rosidl_typesupport_fastrtps_c;rosidl_typesupport_introspection_c
[0.797s] -- Using all available rosidl_typesupport_cpp: rosidl_typesupport_fastrtps_cpp;rosidl_typesupport_introspection_cpp
[0.833s] -- Found rmw_implementation_cmake: 6.1.2 (/opt/ros/humble/share/rmw_implementation_cmake/cmake)
[0.835s] -- Found rmw_fastrtps_cpp: 6.2.9 (/opt/ros/humble/share/rmw_fastrtps_cpp/cmake)
[0.914s] -- Found OpenSSL: /usr/lib/x86_64-linux-gnu/libcrypto.so (found version "3.0.2")  
[0.957s] -- Found FastRTPS: /opt/ros/humble/include  
[1.001s] -- Using RMW implementation 'rmw_fastrtps_cpp' as default
[1.010s] -- Looking for pthread.h
[1.104s] -- Looking for pthread.h - found
[1.105s] -- Performing Test CMAKE_HAVE_LIBC_PTHREAD
[1.199s] -- Performing Test CMAKE_HAVE_LIBC_PTHREAD - Success
[1.200s] -- Found Threads: TRUE  
[1.264s] -- Found gazebo_msgs: 3.9.0 (/opt/ros/humble/share/gazebo_msgs/cmake)
[1.326s] -- Found OpenCV: /usr (found version "4.5.4") 
[1.328s] -- Found pose_msg: 0.0.0 (/home/tomori/Vision_Arena/install/pose_msg/share/pose_msg/cmake)
[1.346s] -- Found cv_bridge: 3.2.1 (/opt/ros/humble/share/cv_bridge/cmake)
[1.364s] -- Found referee_pkg: 0.0.0 (/home/tomori/Vision_Arena/install/referee_pkg/share/referee_pkg/cmake)
[1.406s] -- Configuring done
[1.413s] -- Generating done
[1.415s] -- Build files have been written to: /home/tomori/Vision_Arena/build/player_pkg
[1.422s] Invoked command in '/home/tomori/Vision_Arena/build/player_pkg' returned '0': CMAKE_PREFIX_PATH=${CMAKE_PREFIX_PATH}:/opt/ros/humble /usr/bin/cmake /home/tomori/Vision_Arena/src/player_pkg -DCMAKE_INSTALL_PREFIX=/home/tomori/Vision_Arena/install/player_pkg
[1.423s] Invoking command in '/home/tomori/Vision_Arena/build/player_pkg': CMAKE_PREFIX_PATH=${CMAKE_PREFIX_PATH}:/opt/ros/humble /usr/bin/cmake --build /home/tomori/Vision_Arena/build/player_pkg -- -j24 -l24
[1.484s] [ 50%] [32mBuilding CXX object CMakeFiles/TestNode.dir/src/test.cpp.o[0m
[6.136s] [100%] [32m[1mLinking CXX executable TestNode[0m
[6.513s] [100%] Built target TestNode
[6.524s] Invoked command in '/home/tomori/Vision_Arena/build/player_pkg' returned '0': CMAKE_PREFIX_PATH=${CMAKE_PREFIX_PATH}:/opt/ros/humble /usr/bin/cmake --build /home/tomori/Vision_Arena/build/player_pkg -- -j24 -l24
[6.540s] Invoking command in '/home/tomori/Vision_Arena/build/player_pkg': CMAKE_PREFIX_PATH=${CMAKE_PREFIX_PATH}:/opt/ros/humble /usr/bin/cmake --install /home/tomori/Vision_Arena/build/player_pkg
[6.552s] -- Install configuration: ""
[6.552s] -- Installing: /home/tomori/Vision_Arena/install/player_pkg/lib/player_pkg/TestNode
[6.557s] -- Set runtime path of "/home/tomori/Vision_Arena/install/player_pkg/lib/player_pkg/TestNode" to ""
[6.557s] -- Installing: /home/tomori/Vision_Arena/install/player_pkg/share/ament_index/resource_index/package_run_dependencies/player_pkg
[6.557s] -- Installing: /home/tomori/Vision_Arena/install/player_pkg/share/ament_index/resource_index/parent_prefix_path/player_pkg
[6.557s] -- Installing: /home/tomori/Vision_Arena/install/player_pkg/share/player_pkg/environment/ament_prefix_path.sh
[6.557s] -- Installing: /home/tomori/Vision_Arena/install/player_pkg/share/player_pkg/environment/ament_prefix_path.dsv
[6.557s] -- Installing: /home/tomori/Vision_Arena/install/player_pkg/share/player_pkg/environment/path.sh
[6.557s] -- Installing: /home/tomori/Vision_Arena/install/player_pkg/share/player_pkg/environment/path.dsv
[6.557s] -- Installing: /home/tomori/Vision_Arena/install/player_pkg/share/player_pkg/local_setup.bash
[6.557s] -- Installing: /home/tomori/Vision_Arena/install/player_pkg/share/player_pkg/local_setup.sh
[6.558s] -- Installing: /home/tomori/Vision_Arena/install/player_pkg/share/player_pkg/local_setup.zsh
[6.558s] -- Installing: /home/tomori/Vision_Arena/install/player_pkg/share/player_pkg/local_setup.dsv
[6.558s] -- Installing: /home/tomori/Vision_Arena/install/player_pkg/share/player_pkg/package.dsv
[6.558s] -- Installing: /home/tomori/Vision_Arena/install/player_pkg/share/ament_index/resource_index/packages/player_pkg
[6.558s] -- Installing: /home/tomori/Vision_Arena/install/player_pkg/share/player_pkg/cmake/player_pkgConfig.cmake
[6.558s] -- Installing: /home/tomori/Vision_Arena/install/player_pkg/share/player_pkg/cmake/player_pkgConfig-version.cmake
[6.558s] -- Up-to-date: /home/tomori/Vision_Arena/install/player_pkg/share/player_pkg/package.xml
[6.561s] Invoked command in '/home/tomori/Vision_Arena/build/player_pkg' returned '0': CMAKE_PREFIX_PATH=${CMAKE_PREFIX_PATH}:/opt/ros/humble /usr/bin/cmake --install /home/tomori/Vision_Arena/build/player_pkg
