[0.008s] Invoking command in '/home/tomori/Vision_Arena/build/player_pkg': CMAKE_PREFIX_PATH=${CMAKE_PREFIX_PATH}:/opt/ros/humble /usr/bin/cmake --build /home/tomori/Vision_Arena/build/player_pkg -- -j24 -l24
[0.076s] [35m[1mConsolidate compiler generated dependencies of target TestNode[0m
[0.105s] [ 50%] [32mBuilding CXX object CMakeFiles/TestNode.dir/src/test.cpp.o[0m
[5.473s] [100%] [32m[1mLinking CXX executable TestNode[0m
[5.982s] [100%] Built target TestNode
[5.990s] Invoked command in '/home/tomori/Vision_Arena/build/player_pkg' returned '0': CMAKE_PREFIX_PATH=${CMAKE_PREFIX_PATH}:/opt/ros/humble /usr/bin/cmake --build /home/tomori/Vision_Arena/build/player_pkg -- -j24 -l24
[6.004s] Invoking command in '/home/tomori/Vision_Arena/build/player_pkg': CMAKE_PREFIX_PATH=${CMAKE_PREFIX_PATH}:/opt/ros/humble /usr/bin/cmake --install /home/tomori/Vision_Arena/build/player_pkg
[6.018s] -- Install configuration: ""
[6.018s] -- Installing: /home/tomori/Vision_Arena/install/player_pkg/lib/player_pkg/TestNode
[6.023s] -- Set runtime path of "/home/tomori/Vision_Arena/install/player_pkg/lib/player_pkg/TestNode" to ""
[6.023s] -- Up-to-date: /home/tomori/Vision_Arena/install/player_pkg/share/ament_index/resource_index/package_run_dependencies/player_pkg
[6.024s] -- Up-to-date: /home/tomori/Vision_Arena/install/player_pkg/share/ament_index/resource_index/parent_prefix_path/player_pkg
[6.024s] -- Up-to-date: /home/tomori/Vision_Arena/install/player_pkg/share/player_pkg/environment/ament_prefix_path.sh
[6.024s] -- Up-to-date: /home/tomori/Vision_Arena/install/player_pkg/share/player_pkg/environment/ament_prefix_path.dsv
[6.024s] -- Up-to-date: /home/tomori/Vision_Arena/install/player_pkg/share/player_pkg/environment/path.sh
[6.024s] -- Up-to-date: /home/tomori/Vision_Arena/install/player_pkg/share/player_pkg/environment/path.dsv
[6.024s] -- Up-to-date: /home/tomori/Vision_Arena/install/player_pkg/share/player_pkg/local_setup.bash
[6.024s] -- Up-to-date: /home/tomori/Vision_Arena/install/player_pkg/share/player_pkg/local_setup.sh
[6.024s] -- Up-to-date: /home/tomori/Vision_Arena/install/player_pkg/share/player_pkg/local_setup.zsh
[6.024s] -- Up-to-date: /home/tomori/Vision_Arena/install/player_pkg/share/player_pkg/local_setup.dsv
[6.024s] -- Installing: /home/tomori/Vision_Arena/install/player_pkg/share/player_pkg/package.dsv
[6.024s] -- Up-to-date: /home/tomori/Vision_Arena/install/player_pkg/share/ament_index/resource_index/packages/player_pkg
[6.024s] -- Up-to-date: /home/tomori/Vision_Arena/install/player_pkg/share/player_pkg/cmake/player_pkgConfig.cmake
[6.024s] -- Up-to-date: /home/tomori/Vision_Arena/install/player_pkg/share/player_pkg/cmake/player_pkgConfig-version.cmake
[6.024s] -- Up-to-date: /home/tomori/Vision_Arena/install/player_pkg/share/player_pkg/package.xml
[6.026s] Invoked command in '/home/tomori/Vision_Arena/build/player_pkg' returned '0': CMAKE_PREFIX_PATH=${CMAKE_PREFIX_PATH}:/opt/ros/humble /usr/bin/cmake --install /home/tomori/Vision_Arena/build/player_pkg
