[0.025s] Invoking command in '/home/tomori/Vision_Arena/build/player_pkg': CMAKE_PREFIX_PATH=${CMAKE_PREFIX_PATH}:/opt/ros/humble /usr/bin/cmake --build /home/tomori/Vision_Arena/build/player_pkg -- -j24 -l24
[0.132s] [35m[1mConsolidate compiler generated dependencies of target TestNode[0m
[0.193s] [100%] Built target TestNode
[0.212s] Invoked command in '/home/tomori/Vision_Arena/build/player_pkg' returned '0': CMAKE_PREFIX_PATH=${CMAKE_PREFIX_PATH}:/opt/ros/humble /usr/bin/cmake --build /home/tomori/Vision_Arena/build/player_pkg -- -j24 -l24
[0.232s] Invoking command in '/home/tomori/Vision_Arena/build/player_pkg': CMAKE_PREFIX_PATH=${CMAKE_PREFIX_PATH}:/opt/ros/humble /usr/bin/cmake --install /home/tomori/Vision_Arena/build/player_pkg
[0.247s] -- Install configuration: ""
[0.249s] -- Up-to-date: /home/tomori/Vision_Arena/install/player_pkg/lib/player_pkg/TestNode
[0.249s] -- Up-to-date: /home/tomori/Vision_Arena/install/player_pkg/share/ament_index/resource_index/package_run_dependencies/player_pkg
[0.250s] -- Up-to-date: /home/tomori/Vision_Arena/install/player_pkg/share/ament_index/resource_index/parent_prefix_path/player_pkg
[0.250s] -- Up-to-date: /home/tomori/Vision_Arena/install/player_pkg/share/player_pkg/environment/ament_prefix_path.sh
[0.250s] -- Up-to-date: /home/tomori/Vision_Arena/install/player_pkg/share/player_pkg/environment/ament_prefix_path.dsv
[0.250s] -- Up-to-date: /home/tomori/Vision_Arena/install/player_pkg/share/player_pkg/environment/path.sh
[0.250s] -- Up-to-date: /home/tomori/Vision_Arena/install/player_pkg/share/player_pkg/environment/path.dsv
[0.250s] -- Up-to-date: /home/tomori/Vision_Arena/install/player_pkg/share/player_pkg/local_setup.bash
[0.251s] -- Up-to-date: /home/tomori/Vision_Arena/install/player_pkg/share/player_pkg/local_setup.sh
[0.251s] -- Up-to-date: /home/tomori/Vision_Arena/install/player_pkg/share/player_pkg/local_setup.zsh
[0.251s] -- Up-to-date: /home/tomori/Vision_Arena/install/player_pkg/share/player_pkg/local_setup.dsv
[0.251s] -- Installing: /home/tomori/Vision_Arena/install/player_pkg/share/player_pkg/package.dsv
[0.251s] -- Up-to-date: /home/tomori/Vision_Arena/install/player_pkg/share/ament_index/resource_index/packages/player_pkg
[0.251s] -- Up-to-date: /home/tomori/Vision_Arena/install/player_pkg/share/player_pkg/cmake/player_pkgConfig.cmake
[0.251s] -- Up-to-date: /home/tomori/Vision_Arena/install/player_pkg/share/player_pkg/cmake/player_pkgConfig-version.cmake
[0.251s] -- Up-to-date: /home/tomori/Vision_Arena/install/player_pkg/share/player_pkg/package.xml
[0.254s] Invoked command in '/home/tomori/Vision_Arena/build/player_pkg' returned '0': CMAKE_PREFIX_PATH=${CMAKE_PREFIX_PATH}:/opt/ros/humble /usr/bin/cmake --install /home/tomori/Vision_Arena/build/player_pkg
